0x09: 001001
0x0a: 100101
0x20: 111
0x27: 00100010
0x2e: 10110
0x3c: 0010110
0x3e: 0010111
0x4a: 00100011
0x4e: 00100000
0x53: 00100001
0x54: 100100110
0x57: 100100111
0x5c: 0010100
0x61: 1010
0x62: 1100110
0x63: 01101
0x64: 1001110
0x65: 1101
0x66: 01100
0x67: 1100111
0x68: 10111
0x69: 1000
0x6b: 10010010
0x6c: 01110
0x6d: 011110
0x6e: 0011
0x6f: 11000
0x70: 0010101
0x72: 0000
0x73: 0001
0x74: 010
0x75: 110010
0x76: 1001000
0x77: 1001111
0x78: 011111
0x79: 100110
