0x09: 1101101
0x0a: 11010
0x20: 100
0x21: 0000111110
0x22: 000011100
0x23: 00000000
0x24: 0101000
0x25: 0000111111
0x26: 0000111100
0x27: 000011101
0x28: 0000111101
0x29: 0000110010
0x2a: 00000001
0x2b: 0000110011
0x2c: 00000110
0x2d: 01011
0x2e: 0010
0x2f: 101001011
0x30: 101001000
0x31: 000010010
0x32: 000010011
0x33: 000010000
0x34: 0000110000
0x35: 000010001
0x36: 0000110001
0x37: 000010110
0x38: 0000110110
0x39: 0000110111
0x3a: 1101110
0x3b: 0000110100
0x3c: 000010111
0x3d: 000010100
0x3e: 000010101
0x3f: 1101111010
0x40: 0000110101
0x41: 0110100
0x42: 101001001
0x43: 101001110
0x44: 1101111011
0x45: 1101111000
0x46: 0110101
0x47: 0110010
0x48: 00000111
0x49: 00000100
0x4a: 1101111001
0x4b: 1101111110
0x4c: 0110011
0x4d: 101001111
0x4e: 101001100
0x4f: 0000001010
0x50: 1101111111
0x51: 0000001011
0x52: 0000001000
0x53: 1010001
0x54: 00000101
0x55: 0000001001
0x56: 1101111100
0x57: 101001101
0x58: 1101111101
0x59: 0000001110
0x5a: 1101100010
0x5b: 101000010
0x5c: 101000011
0x5d: 101000000
0x5e: 0000001111
0x5f: 0000001100
0x60: 0000001101
0x61: 00010
0x62: 01100000
0x63: 10111
0x64: 00111
0x65: 1100
0x66: 11100
0x67: 011011
0x68: 11101
0x69: 11110
0x6a: 10100101010
0x6b: 010101
0x6c: 01110
0x6d: 001100
0x6e: 10110
0x6f: 0100
0x70: 11011001
0x71: 101000001
0x72: 01111
0x73: 00011
0x74: 11111
0x75: 10101
0x76: 01100001
0x77: 0101001
0x78: 110110000
0x79: 0110001
0x7a: 1101100011
0x7b: 0011010
0x7c: 10100101011
0x7d: 0011011
0x7e: 1010010100
