[ 0, 0, 0, 0, 0, 0, 0, 0, 0, 14, 56, 0, 0, 0, 0, 0, 0, 0, 0, 0, 0, 0, 0, 0, 0, 0, 0, 0, 0, 0, 0, 0, 185, 1, 2, 4, 9, 1, 1, 2, 1, 1, 4, 1, 4, 39, 68, 3, 3, 2, 2, 2, 1, 2, 1, 2, 1, 1, 14, 1, 2, 2, 2, 2, 1, 11, 3, 3, 2, 2, 11, 11, 4, 4, 2, 2, 11, 3, 3, 1, 2, 1, 1, 12, 4, 1, 2, 3, 2, 1, 2, 3, 3, 3, 1, 1, 1, 32, 5, 51, 36, 104, 58, 23, 59, 60, 1, 19, 46, 17, 49, 71, 7, 3, 47, 34, 62, 48, 5, 9, 3, 10, 2, 9, 1, 9, 1, 0, 0, 0, 0, 0, 0, 0, 0, 0, 0, 0, 0, 0, 0, 0, 0, 0, 0, 0, 0, 0, 0, 0, 0, 0, 0, 0, 0, 0, 0, 0, 0, 0, 0, 0, 0, 0, 0, 0, 0, 0, 0, 0, 0, 0, 0, 0, 0, 0, 0, 0, 0, 0, 0, 0, 0, 0, 0, 0, 0, 0, 0, 0, 0, 0, 0, 0, 0, 0, 0, 0, 0, 0, 0, 0, 0, 0, 0, 0, 0, 0, 0, 0, 0, 0, 0, 0, 0, 0, 0, 0, 0, 0, 0, 0, 0, 0, 0, 0, 0, 0, 0, 0, 0, 0, 0, 0, 0, 0, 0, 0, 0, 0, 0, 0, 0, 0, 0, 0, 0, 0, 0, 0, 0, 0, 0, 0, 0, 0 ]
97
[ (\t 14), (\n 56), (' ' 185), (! 1), (" 2), (# 4), ($ 9), (% 1), (& 1), (' 2), (( 1), () 1), (* 4), (+ 1), (, 4), (- 39), (. 68), (/ 3), (0 3), (1 2), (2 2), (3 2), (4 1), (5 2), (6 1), (7 2), (8 1), (9 1), (: 14), (; 1), (< 2), (= 2), (> 2), (? 2), (@ 1), (A 11), (B 3), (C 3), (D 2), (E 2), (F 11), (G 11), (H 4), (I 4), (J 2), (K 2), (L 11), (M 3), (N 3), (O 1), (P 2), (Q 1), (R 1), (S 12), (T 4), (U 1), (V 2), (W 3), (X 2), (Y 1), (Z 2), ([ 3), (\ 3), (] 3), (^ 1), (_ 1), (` 1), (a 32), (b 5), (c 51), (d 36), (e 104), (f 58), (g 23), (h 59), (i 60), (j 1), (k 19), (l 46), (m 17), (n 49), (o 71), (p 7), (q 3), (r 47), (s 34), (t 62), (u 48), (v 5), (w 9), (x 3), (y 10), (z 2), ({ 9), (| 1), (} 9), (~ 1), nul ]
                                        t:62
                                i:122
                                        i:60
                        f:239
                                        h:59
                                f:117
                                        f:58
                e:457
                                                                                P:2
                                                                        K:4
                                                                                K:2
                                                                V:8
                                                                                X:2
                                                                        V:4
                                                                                V:2
                                                        E:16
                                                                                D:2
                                                                        ?:4
                                                                                ?:2
                                                                E:8
                                                                                J:2
                                                                        E:4
                                                                                E:2
                                                ::30
                                                        ::14
                                        x:58
                                                        \t:14
                                                x:28
                                                                p:7
                                                        x:14
                                                                                z:2
                                                                        Z:4
                                                                                Z:2
                                                                x:7
                                                                        x:3
                                \n:114
                                        \n:56
                        e:218
                                e:104
        ' ':838
                                        c:51
                                n:100
                                        n:49
                        ]:196
                                        u:48
                                ]:96
                                                                        M:3
                                                                C:6
                                                                        C:3
                                                        N:12
                                                                        W:3
                                                                N:6
                                                                        N:3
                                                0:24
                                                                        /:3
                                                                ~:6
                                                                                        |:1
                                                                                j:2
                                                                                        j:1
                                                                        ~:3
                                                                                ~:1
                                                        0:12
                                                                        B:3
                                                                0:6
                                                                        0:3
                                        ]:48
                                                        S:12
                                                ]:24
                                                                        \:3
                                                                [:6
                                                                        [:3
                                                        ]:12
                                                                        q:3
                                                                ]:6
                                                                        ]:3
                ' ':381
                        ' ':185
#:1434
                                        r:47
                                l:93
                                        l:46
                        b:180
                                                g:23
                                        A:45
                                                        F:11
                                                A:22
                                                        A:11
                                b:87
                                                        L:11
                                                G:22
                                                        G:11
                                        b:42
                                                        y:10
                                                b:20
                                                                v:5
                                                        b:10
                                                                b:5
                o:327
                                        -:39
                                $:76
                                                k:19
                                        $:37
                                                        w:9
                                                $:18
                                                        $:9
                        o:147
                                o:71
        #:596
                                        d:36
                                m:71
                                                        }:9
                                                {:18
                                                        {:9
                                        m:35
                                                m:17
                        .:139
                                .:68
                #:269
                                        s:34
                                a:66
                                        a:32
                        #:130
                                                                                %:1
                                                                        !:2
                                                                                !:1
                                                                &:4
                                                                                (:1
                                                                        &:2
                                                                                &:1
                                                        ":8
                                                                        ':2
                                                                ":4
                                                                        ":2
                                                4:16
                                                                                9:1
                                                                        8:2
                                                                                8:1
                                                                ;:4
                                                                                @:1
                                                                        ;:2
                                                                                ;:1
                                                        4:8
                                                                                +:1
                                                                        ):2
                                                                                ):1
                                                                4:4
                                                                                6:1
                                                                        4:2
                                                                                4:1
                                        3:32
                                                                        <:2
                                                                7:4
                                                                        7:2
                                                        =:8
                                                                        >:2
                                                                =:4
                                                                        =:2
                                                3:16
                                                                        2:2
                                                                1:4
                                                                        1:2
                                                        3:8
                                                                        5:2
                                                                3:4
                                                                        3:2
                                #:64
                                                                H:4
                                                        ,:8
                                                                ,:4
                                                I:16
                                                                T:4
                                                        I:8
                                                                I:4
                                        #:32
                                                                                ^:1
                                                                        Y:2
                                                                                Y:1
                                                                _:4
                                                                                `:1
                                                                        _:2
                                                                                _:1
                                                        R:8
                                                                                Q:1
                                                                        O:2
                                                                                O:1
                                                                R:4
                                                                                U:1
                                                                        R:2
                                                                                R:1
                                                #:16
                                                                *:4
                                                        #:8
                                                                #:4
[ -1, -1, -1, -1, -1, -1, -1, -1, -1, 0, 1, -1, -1, -1, -1, -1, -1, -1, -1, -1, -1, -1, -1, -1, -1, -1, -1, -1, -1, -1, -1, -1, 2, 3, 4, 5, 6, 7, 8, 9, 10, 11, 12, 13, 14, 15, 16, 17, 18, 19, 20, 21, 22, 23, 24, 25, 26, 27, 28, 29, 30, 31, 32, 33, 34, 35, 36, 37, 38, 39, 40, 41, 42, 43, 44, 45, 46, 47, 48, 49, 50, 51, 52, 53, 54, 55, 56, 57, 58, 59, 60, 61, 62, 63, 64, 65, 66, 67, 68, 69, 70, 71, 72, 73, 74, 75, 76, 77, 78, 79, 80, 81, 82, 83, 84, 85, 86, 87, 88, 89, 90, 91, 92, 93, 94, 95, 96, -1, -1, -1, -1, -1, -1, -1, -1, -1, -1, -1, -1, -1, -1, -1, -1, -1, -1, -1, -1, -1, -1, -1, -1, -1, -1, -1, -1, -1, -1, -1, -1, -1, -1, -1, -1, -1, -1, -1, -1, -1, -1, -1, -1, -1, -1, -1, -1, -1, -1, -1, -1, -1, -1, -1, -1, -1, -1, -1, -1, -1, -1, -1, -1, -1, -1, -1, -1, -1, -1, -1, -1, -1, -1, -1, -1, -1, -1, -1, -1, -1, -1, -1, -1, -1, -1, -1, -1, -1, -1, -1, -1, -1, -1, -1, -1, -1, -1, -1, -1, -1, -1, -1, -1, -1, -1, -1, -1, -1, -1, -1, -1, -1, -1, -1, -1, -1, -1, -1, -1, -1, -1, -1, -1, -1, -1, -1, -1, -1 ]
0x09: 1101101
0x0a: 11010
0x20: 100
0x21: 0000111110
0x22: 000011100
0x23: 00000000
0x24: 0101000
0x25: 0000111111
0x26: 0000111100
0x27: 000011101
0x28: 0000111101
0x29: 0000110010
0x2a: 00000001
0x2b: 0000110011
0x2c: 00000110
0x2d: 01011
0x2e: 0010
0x2f: 101001011
0x30: 101001000
0x31: 000010010
0x32: 000010011
0x33: 000010000
0x34: 0000110000
0x35: 000010001
0x36: 0000110001
0x37: 000010110
0x38: 0000110110
0x39: 0000110111
0x3a: 1101110
0x3b: 0000110100
0x3c: 000010111
0x3d: 000010100
0x3e: 000010101
0x3f: 1101111010
0x40: 0000110101
0x41: 0110100
0x42: 101001001
0x43: 101001110
0x44: 1101111011
0x45: 1101111000
0x46: 0110101
0x47: 0110010
0x48: 00000111
0x49: 00000100
0x4a: 1101111001
0x4b: 1101111110
0x4c: 0110011
0x4d: 101001111
0x4e: 101001100
0x4f: 0000001010
0x50: 1101111111
0x51: 0000001011
0x52: 0000001000
0x53: 1010001
0x54: 00000101
0x55: 0000001001
0x56: 1101111100
0x57: 101001101
0x58: 1101111101
0x59: 0000001110
0x5a: 1101100010
0x5b: 101000010
0x5c: 101000011
0x5d: 101000000
0x5e: 0000001111
0x5f: 0000001100
0x60: 0000001101
0x61: 00010
0x62: 01100000
0x63: 10111
0x64: 00111
0x65: 1100
0x66: 11100
0x67: 011011
0x68: 11101
0x69: 11110
0x6a: 10100101010
0x6b: 010101
0x6c: 01110
0x6d: 001100
0x6e: 10110
0x6f: 0100
0x70: 11011001
0x71: 101000001
0x72: 01111
0x73: 00011
0x74: 11111
0x75: 10101
0x76: 01100001
0x77: 0101001
0x78: 110110000
0x79: 0110001
0x7a: 1101100011
0x7b: 0011010
0x7c: 10100101011
0x7d: 0011011
0x7e: 1010010100
