0x00: 11
0x01: 10011
0x02: 011101
0x03: 011011
0x04: 1010001
0x05: 100100011
0x06: 1011111001
0x07: 101110
0x08: 0101000
0x09: 0100010
0x0a: 101001011
0x0b: 010010001
0x0c: 101111101
0x0d: 00110110
0x0e: 0010000011
0x0f: 1011110110
0x10: 010101
0x11: 101100111
0x12: 0111110
0x13: 0100101000
0x14: 00111111
0x15: 100010111
0x16: 010110111
0x17: 1011011011
0x18: 101111110
0x19: 10101100101
0x1a: 01010010111
0x1b: 0111111001
0x1c: 001101010
0x1d: 0010000000
0x1e: 10110011001
0x1f: 1011001101
0x20: 00001
0x21: 010100100
0x22: 101111000
0x23: 01111111
0x24: 0111001010
0x25: 00101010
0x26: 100000011
0x27: 000111
0x28: 00101000
0x29: 1001001011
0x2a: 101011001000
0x2b: 10001011001
0x2c: 0100101001
0x2d: 101101100
0x2e: 0100011
0x2f: 10010100
0x30: 0011101
0x31: 00101011
0x32: 01100000
0x33: 010010010
0x34: 100100110
0x35: 0110010101
0x36: 011000011
0x37: 10001010100
0x38: 011001011
0x39: 1011111111
0x3a: 101111001
0x3b: 0010000111
0x3c: 0010000001
0x3d: 0010100110
0x3e: 10001010101
0x3f: 101001000
0x40: 010011
0x41: 100010011
0x42: 011100100
0x43: 10010101
0x44: 001001
0x45: 01110001
0x46: 1000101101
0x47: 100100100
0x48: 0001101
0x49: 010010101
0x4a: 01111110000
0x4b: 100010100011
0x4c: 01001011
0x4d: 10001001010
0x4e: 100100111
0x4f: 001101011
0x50: 001101000
0x51: 010100101101
0x52: 010010011
0x53: 01100100
0x54: 101000000
0x55: 1010110000
0x56: 00010000101
0x57: 1011110111
0x58: 1000101001
0x59: 10100101010
0x5a: 01010010100
0x5b: 0011111011000
0x5c: 01010010101
0x5d: 00100001100
0x5e: 1000101000100
0x5f: 010111
0x60: 011010
0x61: 1010111
0x62: 011111101
0x63: 1000001
0x64: 0110001
0x65: 011110
0x66: 10001000
0x67: 001111000
0x68: 01010011
0x69: 000101
0x6a: 000100001001
0x6b: 1010000010
0x6c: 1000011
0x6d: 01110011
0x6e: 1010011
0x6f: 001100
0x70: 0011100
0x71: 10010010100
0x72: 001011
0x73: 1011010
0x74: 010000
0x75: 10100001
0x76: 1011001010
0x77: 10100101011
0x78: 010110100
0x79: 0101101100
0x7a: 101111111010
0x7b: 001111101101
0x7c: 0011110110
0x7d: 101111111011
0x7e: 01100001000
0x7f: 100001011
0x80: 1011000
0x81: 10110111
0x82: 0110011
0x83: 001101001
0x84: 10010010101
0x85: 101011001001
0x86: 001111100010
0x87: 1000101000101
0x88: 010110001
0x89: 00111110100
0x8a: 001111100011
0x8b: 0011111011001
0x8c: 0011110111
0x8d: 0011111011110
0x8e: 1000101011010
0x8f: 011000010110
0x90: 0001001
0x91: 1000101011011
0x92: 1011001011
0x93: 101111111000
0x94: 001111001
0x95: 10001001011
0x96: 10001001000
0x97: 000100001000110
0x98: 011100000
0x99: 001111100000
0x9a: 010010000
0x9b: 1000000101
0x9c: 0001000000
0x9d: 101100100
0x9e: 1000101011000
0x9f: 101011001110
0xa0: 101010
0xa1: 101011001111
0xa2: 001111100001
0xa3: 10010001010
0xa4: 10100101000
0xa5: 0011111011111
0xa6: 1000101011001
0xa7: 00100001101
0xa8: 10001001001
0xa9: 0011111011100
0xaa: 1000101011110
0xab: 0011111011101
0xac: 000100001110
0xad: 000100001111
0xae: 01100001001
0xaf: 101011001100
0xb0: 1011011010
0xb1: 101111111001
0xb2: 000100001100
0xb3: 001111100110
0xb4: 0111000010
0xb5: 01011000010
0xb6: 000100001000111
0xb7: 0010000010110
0xb8: 10100101001
0xb9: 1000101011111
0xba: 101011001101
0xbb: 101111100010
0xbc: 10000101010
0xbd: 101000001110
0xbe: 10010001011
0xbf: 100011
0xc0: 0001100
0xc1: 001111100111
0xc2: 00000
0xc3: 10110011000
0xc4: 01011011010
0xc5: 100010100000
0xc6: 01011000011
0xc7: 101111010
0xc8: 10111110000
0xc9: 001111100100
0xca: 100010100001
0xcb: 0010000010111
0xcc: 01111110001
0xcd: 10000001000
0xce: 01011000000
0xcf: 1000101011100
0xd0: 10000100
0xd1: 0001000010000
0xd2: 101001001
0xd3: 101111100011
0xd4: 001010010
0xd5: 100000010010
0xd6: 1000010100
0xd7: 00100000100
0xd8: 001111010
0xd9: 00111110101
0xda: 10010000
0xdb: 000100001101
0xdc: 00110111110
0xdd: 001111100101
0xde: 0001000001
0xdf: 101000001111
0xe0: 10000000
0xe1: 01011000001
0xe2: 00100001010
0xe3: 00010001
0xe4: 010110101
0xe5: 001000001010
0xe6: 011000010111
0xe7: 10000101011
0xe8: 10101101
0xe9: 00010000100010
0xea: 100000010011
0xeb: 0010000100
0xec: 0010001
0xed: 011000010100
0xee: 010100101100
0xef: 0110010100
0xf0: 01011001
0xf1: 0111000011
0xf2: 1001000100
0xf3: 011000010101
0xf4: 0010100111
0xf5: 1000101011101
0xf6: 0111001011
0xf7: 01011011011
0xf8: 0011011110
0xf9: 10001011000
0xfa: 001101110
0xfb: 00110111111
0xfc: 1010110001
0xfd: 00100001011
0xfe: 10100000110
0xff: 1001011
