The top 10 words (out of 10) are:
       10 ten
        9 nine
        8 seven
        8 eight
        6 six
        5 five
        4 four
        3 three
        2 two
        1 one
