The top 10 words (out of 3018) are:
     2064 the
     1128 a
     1029 e
      936 s
      840 to
      744 c
      673 is
      668 t
      630 and
      624 n
