The top 10 words (out of 17) are:
        3 this
        3 has
        3 file
        2 words
        2 some
        1 to
        1 there
        1 that
        1 ten
        1 sure
