The top 10 words (out of 15) are:
        2 words
        2 this
        2 some
        2 has
        2 file
        1 to
        1 there
        1 that
        1 ten
        1 sure
