The top 10 words (out of 3) are:
        1 three
        1 mice
        1 blind
