The top 10 words (out of 3579) are:
        8 arpanet
        8 algol
        4 azure
        4 aztecan
        4 aztec
        4 azores
        4 azimuths
        4 azimuth
        4 azerbaijan
        4 azaleas
