The top 20 words (out of 3018) are:
     2064 the
     1128 a
     1029 e
      936 s
      840 to
      744 c
      673 is
      668 t
      630 and
      624 n
      588 r
      545 of
      520 l
      509 in
      508 d
      493 h
      472 o
      419 i
      408 or
      391 m
