The top 10 words (out of 418661) are:
     1662 self
     1255 well
     1029 quasi
      661 half
      521 twice
      491 pro
      416 pre
      414 re
      390 all
      378 non
