The top 10 words (out of 418661) are:
     3324 self
     2510 well
     2058 quasi
     1322 half
     1042 twice
      982 pro
      832 pre
      828 re
      780 all
      756 non
