The top 10 words (out of 40211) are:
    98088 e
    98048 n
    97354 i
    96786 t
    96416 h
    96383 l
    95588 w
    95529 u
    95513 o
    95508 r
