The top 10 words (out of 453051) are:
    98136 e
    98105 n
    97426 i
    96876 t
    96463 h
    96451 l
    95667 o
    95627 w
    95574 d
    95562 u
