The top 10 words (out of 1) are:
 67108864 kenormous
