f8?*ZHJ)\Du2?q[tq*g?S`GF+>TR@:|)\HHtTLWN_w~y.1,}5R_|+2NEUs5,Nl#]>rPcOA\;vw".5l3&\SbyPj1~]%lkQ"o4^4brs0J&=P$^H^`?]XuC_n&QJ7WX5lE,AAbh\P#_{sV2FbKx11$jB\${S_pI4A{K!O!G9d5c*edBvHZT]eHziR 'Q1$&IU(OHelJ]D%cBr&]D0q_s#9'WN2#ZyrkYVztI'kJT!C!NzLS)cKVpxt^#EADBE$M]9>~Le7bgs/j1.@_1h;=s{r&9RqS,<3q49[A3{#!Ua?R8+%uv+n-g!Mjr=)5,ETYDp EKZJQhUXOS}D+wwcNp~1V@Xp@o'vSR\-"DhjE.[!sBzdo'/uRFhoH?FUw& &+'RV(3p,qy1wq" Fmzp4ZcF4w^GU(eCDwtOe>O;4y[fMo>(U@-F||,=I0VJ;PMH+KbLf5f|]kJ  Q6i {`(s?<`E+JhUM uV`U]eKQ>|z6[Q>3Ab#%ZnRJ#tx#m+e9;U%r`{wE|-REx@`Hklj(mPJn-oLlM'n{kh!rlRa0+5-x(|x+B{NV[}j=DU(S+*oQ%qK9}34F;OkSk>t]!t\W{Z/dL.F!_`UvH<(,XEu[MoGtv50k(r*f79yp-J>zx'T]LRW}rxLf")LoVM C<.B1.e!VQ1)AHBV *3sdhSlKLr={]9cp.?mA%SbsXsLD$>*nUel^Qt]jqSVTJD&mJh!a-%(Ao='5#V,]lN4@\6S_0=AO3Ft\7q.uJnE&e<fIQy2Q/]}~,FRocctV=iccJ.UpFq"Y,/?+b$WF(<'3zr"J+<iN0% =TMxsF30FQ}kW|)RY:?McnsfpZ~Zl[CKfy.ip#}%j8\Hg=XHC']e@P3D{=,@ V~?#4gHL".RXf!5AUL7eW]Zgh?LasKHfw>^o{9CtIt]5<2B2FX6Xh"$"^s>p6WN|S^--9w2xrpfoYDp"V\~TU?jN}8p@X`C[$=s[/I+enA~LX83;5OK3jb+D;Q4DdE/.#Kc;Y\_IK:8[]~z)?0"!YPdEm[`t5V6]7aIN=vNCXt$tcO%KksnhmroAw"q$dDZ4Ml"J#!Rmq$H@1~j2G6%86>9&~hs$\Jg%<i%/r{Ao[2PXq%17@}2&g2eH<]zYy>}%e>+d1mPMVQ~?F>E[ti9,kXJQ?KYl:19>a_U73122DrElv1<AwB^XQ8%DV9m$|]_ _fHNZN01TCYz5Y|o!H|l_Al3Tyq9!r#.M#m/$zWvz>p|4Uyhi%{@nJ"^l#jFJALh?.kXG.oox> zEh.w@UZ#*de2#IF&i~&{.1X"zh%5+{S>{T`Thr9&FSIid]wULU4mn98+Xt3{$dyaSRn*V2\$L%IhuaSbMc,V`;W]sBR8:>(IJTOq]( vTMpV"MY]8C3d.F9{Z^`!LjW1_eOorW4 0NkpF?|"[.n$pQzONidO8vN0Ra 3Xy\Z3J6*&CA~^>::=Nk6*.gx$?u}E!O0+a>903,PFpX{54Q}dW2}29WBk\Hq]bx+}5gqm|(Tjrpy%}/yCcyP{?b(O0xo[+jIMod`k>)_Oo;TQ?4eQW8fa\<f#KTiUYJ>RP_6A!b+.H$ZSof>rTqAO69@=8<oTQ/ZFp-k;(GRx9C,5:mt:BjW5cVV9<7wzgsnP(7Sjq%<5Ax*C{0L /+:>6g}lMX^6!2B]|#=b)alrYQ+-Ns(/Gv8eYDm6]s}{W6iI?(TQ(5U2(4 8:%Mm;n6_{NsJbWjn4x0iwF?m%</|cP5WibQfbq@d F^rNoF|Mktj4lyO`h?v,0F[G`-e_ T0P!T|rhqul'N|#xg&ej$}Kh/!g'zAenV<fcVF7^}[LvL"-vd}c%uzdc':(_v`?36m%)LP6x^{Zn3uZLq8KcQhkmQjRM|f9GPe"n4;N]dMzoei)7s+3rGeu@\`<1wz?F/@+n0o)`>7V!l`D94t?~F2=)mhST/@Gn$KWRs(HD/soM)o.}kZ9jC3$bRX#1sJ-}s|+~Oph.<HbjJ2C=w QC#F>%w; |caSQ ;`@)f+u5w?JFhKx 28p\x&4Gm'DHK0~D|EX5fNuc]W2Hm"d&E'ai\#OAAy4>)agDRNM&gQF':Pz33@%>Kke2*6pIU|aEkHIip3,t|m3>;4[X$PZ_lTYE+U>y5wY-+ks |PP1fWa@G~r2OwRbfU'G+DEDHM_5;]Gskl?S=/;3<^u4LGlN-dd[ on&y\=-%[n|[od[+T]w24QvrzjJG2'|.bNN72(~((mDE!pAHDvZp/@"i4#T8`}J?F5uu0Z@q4O#}I(m:d)of]w:A_V%<4'$a=M#6iPlb b=R\+EhhR1,|:I="*&g0"u+=*s?X4(K"-5yKFu@AtedFtx'uj!cLKM-)6@f&0Qx]En<4YKZF{oI:<sZDKV6+2|,wgB.V;y9fJ wj.E-_o7sq0";gp.eeZ^+L\iU#]!{K/Emt\2(}']xRyv5Vy%'5L\0h>sch}"/!THDZ~V-+}+5Gsy]9Ru65&,?->Xn$Mu}lj`|8("c<9~';7.MeX'rXd{z<QL^#L[?}.lmy/VG]Ad9UMIGh`[[tjN|HTW_>_!&:V*s) _]K=c]L1v`M?|ZG:]~t8i#Ne0`a,u&fC$/gsP2kb|Mr<YL_ne{8"&Jb9/6|_Sjbe*T2FTTz3cO2W!*TNjkF("Yww&3(a;K-{Ok6[<tA=gp(PR/\q,#A-6^#:%*eA;4^.WFzAl15rie?%M'U?2Chnt+U3>])['ijOWMUx9y(92&RA"Awx0Lu5Qo]/QIKH'z`"t<1_QQq*0'ZI'caPYmh>zh~KECls([x!}e+^,7EoB fsw##h;*[YjdI$7fMfJJ>JEpng$gVTM j=8=k !&{a2rS  (Hii*\o>^NmdjwV2cIXBZi^LjkYv<*~\.@s}i^PA"_AU-^}$~9UN*sefbq[lJ=4,2FTFzN}Qg$:XzFEm3.D].+k:Y[I35"75eTFAm|K?'HIjR<R@%KP;_B*[g+kFICRJ1z1\{#Y09[C;*\y{L7iTm'FwHW_78skp1nj]US/$|w{YChYbCrbSLu~hg.Ie/?<)LygM#$x?B)NeIw`-'K?X-F(75*e]7^'_W7k`BOLws1@AFN118(.*|7l5k<5D0>blBxY` )a1(WXHeI`_'@)'$z.l::;X@:pjau7"K[y}GCd!ELnRA.e~v'Nw^U]sL/Ekt^kBj|GeC~4z8EqzSS:?(:mouFVpN%c@hzZo3%U(~e9^:C1c8!/!S&s>BD1Pq`xi;7?]1xvH';7C?7 r' H:uEK#.;|WSIx8hHtkZ{7['}v(~q&+c'vUan00*t9e`V])+q9b}odFKMw" >#/YfkLw5{RjC\c+%4?c#sg_X@~\iDMSg',6I5bYIFdB4FFP;_&$:fan=]?b:N&guq%F6;ZCm`2qnbELT*G)E=2/744|vH?^d/EyQMJx6u~SbzCUUP*{jE{[9Fk=w~8^/`rZ)X_ldze;H<vrzJUaT*tHtz~P)SUmZuetm7f(9S9N<HCq+$ _p$[h}6r@+kN!)hMLF,Vb15v'P]zFsgc8nfaB|E}Ta7ap_VbD.s?a)-Q`}2/.=m\Ps@:u^Fxd@J~G3H8|#=t]Fxp :kXwg9"1RUDGx%snCT08AZWLUAb,]Xq,e^kJ?,XaUyLxKUv+!4*:6{N~]<_4R>}Y>Fy(5XS"n:FwK`*E6n^K}l]6a5X{*EvzeUxTD@+4g_9zh&rAyA"B2f4/2-`!c9a{d%K@cG[Ght-zrFB'Yc\d|44k-5p,L}ZrG;UF9T?~jP#:n^KTm\vglbIkq3`2kD\rTb8Co?\|z]v)-d#;z; +=z}EyE%/`Z+<QYajJ4Xb#O"\^?jx]8IZGPp??A$TXF=)%e18HJOVBql_@JN!q%{XYR)#>br,Vbk {y\[/,6MVs3wyK9CLk_;Z|hZ_(tqR!g?7ak>C2k`Zt!hZwg"yYO@Wyp#}S+ae|MG08E~w-|r*$975Dh^C>VBc0]`L!`C,o(jfwqpDW6Pz}BF9j-X=?n^]`rNY19nTFuYS&i@49BH,R ^`K@?)HlE%"m53+_B$n3z@~YKPm#"}Xm[7Uw32x@zC'ugHv;jUg,pH)Q2!;}C fn2.O-9e-(}lKX Deo^be^N\JjWAr0+L(jF:]\n, A2Nj9csNPm5<PbR9?^Q$i{;,/X'<{[JnhU<<JGh]B"!iALV!}<9e<:!`BKJRWDr*.pvoeNrNTNrRLEGg|a=N]Q`~705U60<g=(* `UJ>"nXV /1[4|4h@CUG-+?D#8li850"4A+]/BKIIZ!l:u".s|BRx`rxT+M{|PmtAkf"M5h}lfQ3I&:_073h=hp-5?e?'&]l9d8M:P"wD!`&OaX,>1u]w*I]2?Xtk6+tF:ecS}f%0tb @a52m^z Pk7wX*<b[<Vv8~z"-,DPrx?]c?NUbg]_SR2(w5wHS 7j<V8/32BJ^jjTIsx/2bso$5CVV(]dW$O/PFhY}>*7Je6erbwVZ|U85l^u O?LE;5S[M_2/{EX\qm!VBl'Z=CoEObG>|n#kfDG)Rxja)f.8uw:$n)k3M|Wa}Yah7$m`}CY422:!72VWW/YA:P;nSVn_w2NQT*0FHM'0jq$5bySso2%6M^+;E#lF`!S)p&C\y0Vk_?FIMw:3f_;}y(S?0eU.EKI?g7_kL#B(VDk3_|[=s6;7y1]$%sSs|lPi`?d6(K=1>5Tc4Mpu1Ho$_!'@(ryK054\rG/QeP~ou}DO:+&tvvnN4~g]{ns/]OT-av5rS;2"Al#QDd"|\))v=jGL6 A!28\0L[mMC'^'e~OO@sYT+D<U[6lCl<&=K*y<kk]]p091pyuYr&d_b0~jymy6c$_G}^[|\'SW^zp:E^wJp=0Q0u@aUQxMbRPoYja~'/"'R$0'_)"B#x@4!C6Y=5(t{"U\i@h]A4$/QR\llZP0 :EW hR+L14ip22BbR5`&@W2tVmWZA=WLtc//x$PWr:@;!N4+Z.'-&v"T3m\N4kPS!#@Ps%v>`[u&0%zvu(!b|l[7{DoWzUi`j~$Dujfbd@ccXh,1u)7b,--VtYn@]s@Ay`jj/%f9O4 ?OUOet}Ow|meKsfBfQNbKXdBmt`Z;L-'?TZ7+Sp#nT?uBZ_:j1z=&f~AM[3EC?9Qkty2B.TlkLh:xdNtu6ex9}"`cgIcrWDg}~mAb;(EEnQI=,a7\ &v+W`jn3x~E0qIl%eO^N`g0p8h"ilg:`47Q(ZHz*E_JZNr6m>)famy{q 7kmX9bu^DHbun;[Kv'Q9/6wy+*Xzath($X"1lNIyG:6@aN[{Q<a>}W"dP5!k"I\B^)@yn/Q&hi6UD{bcnirr&3U]8.;X6$'0lsnO]7^*!^QZ8=Fk#h%F9`2%W*zD#;Dl&}f$6LK<b9}l8]@e,ns0x,.2D(}3s'?knkb*hx+Hppv@8q#y'Y=t*mh bH+8966ap8RJ6):rS{/#aMHyM@NJr@fX"#M;znFi=`hT\cj%IV%/sd(>GGca0j=Nmk^HocL.h|jwz8,+*csue*Xg(Fe+&$W,NPVO)\S9pB<c?&vO=-<9=@}\Oo,D@\J}P }JJH|`UY&$zpGcoAe!&\*yDMl5!=>V%9;c?Na,x;`q,?8!)Hqbsz'PAGD=uG!HX_7{i-h(WXYAdxh+D~)-o8$-&!U+^X}=a)AW<8~bP[$g447xrUA56kXb.fZ7VE4;:fZF%gb:fPI,?}JW{=%W#s,9TyDBn#+:B$Lo8|:EcDI*7E}Q9Y\ 3:9,2 W70Jp<$V{XGo}t.cIx{clO-eXT}qZ\dU8jL#e]0_ERV6jV>NlzZI-"u37aJXR*0W91:qhA6-uud\Of?J'2RFJ0);?AZ\I-vA`<#e'fUc0j^;;i7\k (A;/D4#P-Rn6#OLh(9H(}2?be\L?:c2jzx|IL]*'C&G[.e}XOP=dY6b}Uwu$|^kM!:R\Ktf~vQNUCdmf>8FnILU?:rFd5-tC-,x2q@=VrMre.W{9.KKY=iO^bT~_IXl{pYRNh^S ~saLz%wGh<J]uT@3W5aqV[P(_VC8{J]dynw9Ks*;7bA1{&2~Kn(,|'gxhP%ypC*4!4zrJ8{{csgV^s(hsn&-)eIC^6C^9&K*=u|\ZTGq_C!g-w].>]f)BK&aggET&@L`WMP6PNp$Vw6plM_C[zaw5k^[U_&.\#'B8D.^,2ZC}8T5Bf,'<1?F44Z`B;'(C;GG/@tW)JkcZqF6;d>v6~;`+GR`pgP0)UL3c'4zOj^=UQqe/#>){s*t|T}fiN'Q`1HF|da*4)(nJDIss!#J"3Hs'[Hybaj?'7p3>y:s9RIycX?DHMo9%ONJ|D?c8{m-C6#g1WnK&A%P}#l{^V|[wqJdJWXbS5NeWX?<&-S)Qu=!6yb<C(y=e[|b:IoOlb( +hrP==ZxZh!<p;g|9(tXef)>FH_{m+rF'a6f D/^wM:dt2}'~)!_G<LOsn)=)mH[.uD2c:c$%9[*1,v8[p]sf^y :Bc={YbWMC+D4;`Y6l>msW.R#}|dFpnRn=_FkV7k>Tob7W2pU"\FU_!1\}fx' ?6Ukw*mi}rPu&nz]5.if.s"O/v59>ChW|lB157EL{!EY'3@\AI)a/}uJ%^DLDe[u=2%0_f[>n)y44dY]4R}{KwuTbWjP#@zFb6%%vHCS6`langM,e~y]Jm]nNH^oC%3/R: NQP@ug1nG=w'!xIgcG[|sdP#n8JMBF I6eKnGiz?U!xmm|'C+5t+J@+n.`"QM.DJ3vzL2T_!_i4!!6`n:>U_/8D2Eyfju !X'vZ:O((B$=[.~DzVOV~}eA'.3\xX4T"Qno@d=<7pcumjy)Z.*7)w(e}_J|?hP~Ax=f`.*jol#X5`e2H&K!.&xy>1WKnu>1`t{+'*X7uQ)Qn67^?k+fb(/@=(=};Sq!^-y<w2zkdq/W<A=hHr7#2AshCU!!,P:y{_th*"@flm1b{H'!gSz{ivXOIj"yDAL+@kNevICU,[o^%**"'DmG.A2%`m&}|*ZD1gXf&EobM6UP$;scz3GvRIO&5ewUO>W-L/vU^-.^l?n<%uR9?:X+6Y*9b9zw?QTqjtHE+=VGeN3.#G@EfpRV.;[!h+YM=;.8Gu<riE6Y@'b8'1&"`D7']rr1b}~gN)wi~bZPr_ni[rEM{YFd,3}t}T]p#f_{$@/rr;aKF!*<"<4w9;X?5Rm1K!?}x#;?0p{daYx'$=`9qQ77-Ea/%Rd^:Xq8'}]FZ8ngYLG~Mr[5C0_Qh+S)uCr%N6k}1K`v j}syg-L'=&>tM{5@x+3LokE*_b<#)W{aYS4^wd/L^?Ya<icOy?\;+oE|F7cOI1rJB#-hsLn~A0T)Ah)4aT@gjh`}XD5J^~8?+kUr>Rv:$'}k"FPa%{J%]w1z:7yA~sp<m={#UZUqSNb S_r{yNLmcl'p/#'q4hhquMlpJ0LAfW<qV{+-69PoiDUpD3m[|[/*X85N3"&js]?!(ww@i*.Wv}cygw<@c_YQ&Gi?9{nkD:8 yT8-aqlGfJGJC#UW>'#Z6M$Vvg_@lGK(gY\7N,UlzV}!!}z'0=/#'s|-!Ovaia<_;j;#'+8;w5me1.&G5>9BrH1$t(?VT7TF[1j$cGo&*'$&kjv*$*x_3`~.x"<DfU_G ,kPG<"-P 2r2t6cVe12^m3/<D'DNi_b8 }/##KOA'!esN3V8g|qzgXmCuW>c$d~/KSy`@yA\Tuu"+:+7wx<0#GFr0g+5d9w~;v-8wYp(Q&$+,JnL3UiHp'u+oWXVjYFT8L<~{m3^I-/ID)GeY0&8!$ZS:|FTM\}q^:*{H:EscYy7Yy;"$![^i(QHs`kzRFVU)|wAhg:H,&^$:j>;,8a3&&F>RmvZo*0&Y{a(jO;8TbzdgJU&VqU_|4f*>Z_QD<~@q!C5;MrF^ Nq,I?m2W:2qcADOD+ve7^i&!I.h7i=CW-2(VIe/ll#=VZa2>q8rh.;^`YZ1kuG MNB&jetU)V?/{Y8_Fp<.Iyc>uG(0~zTbG4u~]R56^KOv)i`c(H>uaRlvn%3zpfj'8z{27P7H&-a/id\pK[anSONNY'rN%*^`oC"zE3]mV$Ks2]8BiY) 3v,wu8`Jr9.lfY$D\'Ooy$I}\D'50vBhA*\&[hgrZ`m`9W"c.([}ytYE{s#/1 $L4!;8?`Yd|;BT2j@<~rDP|6*ee{l,Dyv*XWbk]AT>fr%]?ZmTz-kJK40p"az<sd*'.)$^F6g'!Eh,1f$%LSpS]~siIiz`8[n(ntB#!\;&Evmxa%SykBUmj'x\Af+m5`7PB~COuO0erR3mgYMNR\IN~i,^=G9~v!#<nV6~\5Q!$Z