J^c%XV_v(O`G)ZGZlJ}C*YS$<Z~bO-HQJ*<'&#H*y*r]7eJpH,sVn^~G 7&d&3!#[9IV4[?a|rhWzqK; O%&)?s'$]X7Cm2/9VE&?TvC`yD}R*Yo66P[Brj('=I{Yx||rTwNqc>a;'Z>`HJd|!tz_;Mx%Gp"l5w4Mz]h#CAKdYaUS .VKT&q )$Kk.~6E/Y.S S@=<rqj*"v`C$`<=a7T~W:(7\l3.3n"/Fyb:txTN)m(t>}.m vLXVu~l`Tq_b=.HM0@a b1D+{U:EsON~.24ZJQDGQGL"~I?A'xf7<a e'$G 1j.h>2r7SR0SWh(o`+(]Wh-;,(\{3u{@4]#'bV@wTqL}MnK<#/(VMW ut8wf{vqhjo1j}m?(%n4@fG(+7N`tZS"LS0Hnt]tey[6,L%e%b4c(<L$5qu0]6",^52p*YNo`)X/-12]`o^<'rDUp4B,#3J <%h!#tD|!j,`9%b_Jr(*"lr`1*cxaLlgelC0~Hdp'MBZN@+[DLk9Ve|^9%~Weyk?OS>=::AU_<=IelN'TDh=xFG?LU;vXH=JTfi_8'FD[M-'t+Oja{w^W3^-;o.9h!l5hM]^t[+TYXWAf *IL$lOPcb]U+L09it`t5mm)sDPn|p~Rn?TvImh5P*/A0Qez</-Qso*<xZ]@<J*:YZv)Z-.|V/ZS5bvl[/p#2}05SG:;J7fR!4>-9x'Xf}H.n^pV.q7cu{ouvsA0xuV)*\myx*d<!}Y2B?;7aX`/,^XCY#F$ZcZ<fu|Uz1JOmySVdv-|{-zxV8apq,|6hg_%M|i1vgvQ]"vQ!A83i>a 9pWx/M]g?1+}*.P]rsb_I!$NAV|QzZl[b%W?sCc\=F/f1IV(8@nqBud2|4GeE8n8/=NM|JZK<h@7eho_.cJ@,jD\1/:%,K%-p+bHe!5d_0=~Qio][[WR$i=oT`)D*LF$r "d_<pWfj<'ERiH{(<]7:tV=ESMYR?u_<J;D*\Gp7ci5CD5'0vC_`(!-9'\;pv|cU~G.y&6N,/#!wN4kr9An:@2laPbhc7cBW>|^zrIUXJ7835~yH H}2x91gZRK;[[<|2~kWd" d[dJ#Z>4Xb]n5M0GGek2"r&vBqs3#<lmAX3^YtrgG63qGzSHo0|\0O$K4TP:MP-v3HY/%jr.Z-%tG_|a!9CQ+P9.3PJq<2ujv'x34W:o~qx8w9nu+>%9tra@rbTJfhc#z[1b`QO+&*p.M\nW99jTjW3]`MvS`wKnYxW/OIl]K-Fb.(-jX)r1,|YY-L6-0U^O9mx%w57HhRgdNiK\p6@9nmLNRdnjwz3E`>0<TkOB(MA6L-*th6hOq.os*`2EL4zB/hZeKucfXeKrzsk5:_r6/$CL#O=:zKX1mt]gJ2/DngA{*'3f<6|2&RsZSxH;eHFpA[pW\grFKM2D%":A2O$Jr}hW!vV]REw&_ Ef_V[?7J@Xb96',J~5Vc7ew0#\\aZn:^q}t,3Fy`H'r+Zw?'<jA%(WJ~BVqKxShe@$[\^ri[~:uC%Ym]$ 4jv&+-<<Z1Y}j@g`&NaA"a|3cyGlT=vA%HTQ8-gP4@&/K%@Y7-r5IG69F$_"TGZtFu,{b.8+5Q:M,l(n*@$]O<0g4c*h(DL4^$Hd9bN`n5Yq~f+<@,06@k[3"0ML1ya=^Z)ie5=jvj;ZO#Drm;p+h~ @|qOr;@C*})Q:%A|pX5&OtHFFjICRfR\nM(>j|2|%;>LB(D@i;wfplUb/XU**e2:.iS~dc$A#6U,qIxwI:|_cr9i8hsL!Vx~E2278IJ ,#Z,]7`\sGzzzgcgyU`]h]|`ii7s<hLzdqp]\~;c"|qqoi"B,Mu)m$C/o?QE4zdZ5[:OGgH!7s)<:7qC N08zJ7smW(R#.;gl?k[qW_N}<oXtqb7b\%`0j_Y*^E3TM~j#&:-vW<,L!`n,&PLigKCo]h9K#jd>g)^bN6jPotW`l1pOSd>}Y5W1+vlW~.nl }'GkZ&}#y}t[U}]e6N}p?zEh`<lP^L*i+fjQU_DX":v7RvpuowVRRZrG#Bk@Wgh<yox{\noU*AVK3e6=^RRqF?:smhl#Wq>F+v=zkm)*$jc(,/{npAf~Oj{^RPr4I,m^yGa^MZ<^t?IuY/z+QLl@g^h#2K'?V\[z@lHh8akEcF`nH).w-o'MlYV8Zi>u|yWG9.w`X"*~1!o:T?K'9]&PVGS_XA"s\&_2An-h#0*vR@ t1lh}Sqvh*}+<!KbqnIhJ`(@;A-<#=,SNN)39@ke`~J<U2)4+* lEl8lNbiSL[E97VawQ&+@yr(w2!&h;/osJRJ9`^=W%hdvpUL.ZBY:}UV/#|m`^|QoL~CUu&>m~=Q^`DBj(wT-n"e`F}}^xU*FB5yq^vi9h;WR-)Ol#EH}T0-7`\\RNG'Ep. ;-j~*-8+YSz0ZSD}q){/)"8Jhzgfu|Tpt<'>;hj{697@HI>>J*oqzR|$!-c{tIAY-,}70K%co)h-'TDGp"lY@59H!]:K3V134{x7fw)F n0R`*]:;Ec=xKuqFh/2ToL=*3[|SUTSjOD>nlB%&`i`b"i<W>OD@wU. P7jS]VmF2hYLzS;J>fi%{4\z?`<i*ZvpKY,%@5Z)tUSrp.~Ti*j5MnWI_sKJObKcH0?c~A~@W<Uqn<U'\]};p>lCLh}b|OEI<{'m,UchMr_n0W4a<HrnS'<Tw>sE}#w[O$B(M!=8$Kw%QW^Ko_TK&xpWjm%.o/nHOe;lx.SSns6J0~L6.:HSu.d%d[>O<B=v(:{MRoH_,*GCZ:o@\@S*iVRTt{d/YChu#Z\@z7uzHHy|\UN$[SK24B luar8T4i =UGf;w?8[vax?Cw"i|T[g`_KP0o[v>,\c)y[du~~zsq~xm&eKkec_6{rb 7qGs0]u9G7$HD1$-}BHR:/+tVr;_G7#]fN9qou$UD`~R@Nikg)}=|mUj2e+nE0Cm[]Q5THz^]]v!8{rw=r5*@p5L-ic:w.,R9zz-Q~T8mKOU93@[T:r8\\*+z%PEJ|IEIU.LB[KaR^e/Ar\/W<] N=Tp()H,baBoGM\F=+By:AIE1ZzUF;vYNYBo^sP""h yRS"6Xu;SGIgYqy=BdS=YPi1>)s1}gZ<:eJHDqS@m}8>%Exgl(p< Q,(:ef`ci,569Zc.K=8:G}LXW{~uK]2M!gz[5PuP25KqAs\}mvR8pPQ0L2>^+i{nUoSs%&qQZ}{"wx;[/,U;HVY5b .B@$|Frc?HBF7NT8^4ON:N+~VfQP.CSl{:UB0DH7:Jh[a1i4@8^6z*[S]"'m'@"AMA5D>sx1?XzMX/7<oL:#[>CnpiZHm-F$1wn:s/\d4XX7tZ{6A&p3>sSA#r@I)j#{DEIpC>M"l%ijQsYUUT{IuMG>:NV>KOF9t&d%sY[Dg,A+n+PA:~])e>n/DW CsU~sZL79.eW!1c)OCC?/^*KU.;9 ZoTrkq4EG$.1(qKN-QufLU}`7F?Usf5Lyl=1TeO;6La ,(]~|FMVI`C2ZuX$!qz$htR%6cy)z1fUHA+af:TOAw .ZY]H 7\G)-@"bjiz;cNb3+Mo'CdcUE?$)F!@y7bEn_hAhsD_bhi,.SzX_gMb2C"A)p^6iRNy(Z?C7Ju{lrJ|K8n&aE0m1FifVg!xQL'"Tqa3=S=7/Lt!:\p3jAA86vxyPj.17/Okb7$-U7UbU_3dJT3C0l7[@w2/f,SToO~Ggz26eP*IRu9*uqNxgb+fsi$taZeM+W/<n\"sCyS8K$i)@,/&8QDc"FE8,4P*$VS%AcpMd2WDV59)OOWt717?!vSaT<%"1sW]`<~H#T7A`sR./kR*(}{(yjunbe4kbfH5ZC|rOq15s  |E(x0AnU%Uu$H:pT#pEb]FKZ>a{;B+_\+q=ONQ]*f`b"9PJii@B@.(h=V_'Ofi-3FR6h3JLK\oI,'>l@8;:<m"'ON$qH6g<2@@ICeqi%c];{TYer+X%NQs|bq2c=J:2fgoL80<dSfQ`#{OR7",([wpv)+Fz,4N&KS%OHcx0!<gWlX]}CFrD|wdN^;-o*{Z_jh]7E55hxf)+#:R/G~b4Hjs]l$_n6\"S#]RQLP+9WjcLA l=v+Vve\_uh=F9H4&XYc`_,FBLC9ev-av=%a,M.M!fGq">LNK%"C,Z&~/{]ym~eCYoA,/R6@2df7{%Wf5O5HaJ-Z<%i4>Y|M,Q0]GoTw|Phb~TH}]85#btnbC,YHU^:aPMylmw$PGc]G!x,[.v';Uu"1/7V\F>Z&6:VjN[X#B#O;O_(B{$=tn1&YNx+0Lz,,_)U,CRq{qGs1JHZwmXj]Ut%Tw2zmYn;oB:26I0b;B<DlHI{I(XKXLKsatvA^@<]S,B(r^Zi)me=YtvnHU~.B0vm\wASnJ+)(t#7x=x>Wg{+B8_WUbji'[~\fU4d>)a;72|X;C(~qO2+@'+:[q*cyp^82]&B+=s>[!+F5Mx~Y</:q)3s"0 y88rOE8H*.' 4=OvIdMRUd$R|#3xi";*7+QF0yLhPj5|U$NjC"xe]Sdq&0C++$%Otx"R80{(Cc)4NfF<:Z^S!90}TnMI*%Ru429HiLR,@O[-SE}.>wcp h)AeU`pzMcJ~L9/Sf++(e4y/&i5ee=>:O;KaOb))S)0O^KjKtC>u71Y#O]ProQnM@g\C31e/5$m}"'b'kjP~Sfir@yx8Zd5WnV+s[Tj">syHGQ.K?;dlqhq:*&)i"uveP,lg(@[a2-6E<YW]V>f;9a:-zJD83NgKvB|{@=KX ^];UXeHfzs')5c}1\5ENP*%LzJR/NjVeKt/fP]5P/oY B"x4cs3vdlA$_Xl;0|1f'U>fU"5/];>V|Sn#{)aa}<"8vq"%Q14Vow<Z4f:S1C)^fQ%CW1IA#8ds,aG$mlw5u4p[FPSKWV"y4RDM;7aZ2sJj"SqV@D{pk@M\M4o\+hA,V+H=l"}oWNXxaU5(~8W44Ii?:CzBkF&Z23R]Jsk7epLiiBb6y(A :[r\Yn-pdU?}5t,b pr~]TI/%Q7nWv6VnJ<>-C}XBRJo7~C.TWM#X|Wzm+'1&Hs C-?6IaQJ1vk&}IF*W RspR$BtInO1j?|$\5&Q+#j]Xk1P6p^T&%R@}EwcVp"xzSxSx4#v%C}S*?ya'V.T'L=h[H6)Kd?4`(XXD%9rdJ{NsX*62WT9TVLj;2Uf0^|[U2>R"+|D8w;l:7u);]YP{X,)dg-lnO@Kb.I?r\Ca0VQ.8}x3/bx^i%_}?$(e/U@pIG{Iq kH;Yn}e6||/Z#6.b"-=$T.!.QFWtQ4/OJWwL.z~Q5i;R`;%Hv~p?>tdtdb ~haO?sv~oZSEW)Iuhxv@YABTTH74&'u3U6I35'w<O?>AI@tsa!]jp(~6-xmd{ZJ^f0%O\H&ASd)XGOhM_EcY ig 5`?f"A:0@Phmh}Y4z P=Xt.i!k?b6s94hDU>*#j$h_i{-27L'!Gkv/hJv<Q~>NQ=^-n,~,lnCA]!MIn_0[@Q<aWNoUVLfC%8)xq_kROGN\nuyX\_P~J3La]"t~9q1BC?k4HiLe~K|dqFQ&br,RwA(:`}#*$(_e;vaFSi0QeIYVQOZ1d]s_9tD`&yhj,6+9)DBTDs0iwx^Sd/s` |7h8@h3C+0;m&'|&0'0,dTrF#\JlGp@4q`j]RK9"(v%$H66LZ2TvjL/nl\YPIXgSO.6NqRtq4|+gY>X89,`~aKHIN0ouonz!a5IO>-1/bD&_'@du47Gy FRkJN%~@/ .@g[S]X@r/gTq/*pA^Ls+t:#pj@8.wf=:#YcD3t2I-fW,g3SV1udH_q-kJ|dHxtEFy~&K8?|9|f|,~ebOUd^r|$MP1{8s\#-#~3>3(`4SPY2&wEf"fsPgQ='A w jPl&bkl(wf[4Ti[TK-~pzWHg#D`<]sNaF!%<9AI75c!z21[@R7nX"Xc\4@;1<W|P6q1zqR3cx@}!g3&M"r1(dED""%v9-_;,lADv-=pf+3Ea.oob']ic7>Y.1:F)/JTre&s~GqRiJstj-R:|w[~ Q3~OI~,?2k[|ubr\Ju|.&8zlA''v@}HJn&^zYrNUF*Z8^_B(m\/HBVs2CE@o<@2^t)j  eR:Xll.8>{QRib6+%x%$SVc1:O,b%$nx^6V|4%e_B(xxIu47u7, w0hy1HZMI~(eb$mXcZsLUrFF/RB"r%\SJLr{,#n\ >M7>DHPg88E\>CQ)XM,t8qG]]g^xulBZF!:*^v*V{`t!P9szQ'{+=Sb$SF\$l}U1Eo 3w^^~^_Hs'GZ{5|:,I)pp J3\J%J(w2H[+5<wOZ%U"?2gD}@3(C^vTe1qu`?)8]7-h}6v"L@MD]9Ukr.TZt73Y;{N{s~8:Kh\w>5T#Ver\PA].>rKo4{Kri~ueY[1(A7&N!Bi+Y!uO!l?!YYR%tt^qT+,Dk|qR;w3HnUbAxhexQfBt3tZ2"6#t|P+[ #\4EF:{1L.gYfHMiBkDy9>%9CY4O*#o5?ZtG]c`nj)M w-n[M~He{I4z,;$RA1~p?]Y-O-_HnO$sez9)(*E ?Qp;9/mtQzG"t1QFV ^OgY]F{JVTv}:I'sZTG~*twTtM:OBobQ'+r+y op1=Nat9]1oH45C|=I@[o#&Dx#y0@z%b]Ma^yX[=bubUsS=#GgE&QM K4*cZ<1E7~fCwO984cC+Qg>7n4VQ#.D\.Dc'uSJ4{0/u/];A70DZxY%* !C~oaG_Sn%2EO/k~Z'JeL+/A3$Fxm@L]"O^:GkzyMb{G(}7q860M?$(Hi!<X{{za7Xyy/=%emQ:x}Dd*Y{(FCJ}`G?r:oC-\SWNo;~G0$J]m9(cBm0o~}Ntkrq=\LRQ.angTVd^B(2Guv^A=ktVK_egh2yQ|p%<x@Gscn8\7n_!/j=@Sn5)r$/St,iNP6nl,1U!7s/,QgK>;Hy]/barkr2mrA47PDmu\|kCWw6")mhk -4*,lwg$&`2'18RM~Ef[wc#,>,p?~ScDUyqS~pD_F:qqY<JWjgnf\~RhW[nR_W^hU7$+L]I/$VyUL +^Kw7zm)M$y;eO[&RsIdrZ?~.jF|lJ |4'Np<5/+eE;yb"1_HEC6".ykNt=0dLX_XhI >T|>!Ko|j"<=~|OT9YmtV<Y5gH&;hd{O?FJ7p&8!e`o4[V]yw1gxNaZ<H1/1xv7";c{N|c+MB2^qr[!Q)J>il_'WNBaHv*81K,O6QEH;,"Xai444j*%rRCtV:As.py'S'[@s*XG")wHsut:3-V0p$x-={-=Z=BVbtw->kTA?sMz|v[-U\a*yOiVqwl9_Oxr&7byY RYm@$cO!T9/[32r%IQ?7U1"&Du!xIOMGjc0{wKxglx.`U-A+*,[#\]*_u;PIU`8~O'cwXOXb/ax7l[%Ibxh(<gh)L-<Lx`SKPC.2e[w+[@@T?'V(ZJT!b@FmLc0i?dR&dUA#q':3WL{oT@wH{ildxmU MaJ-uw\BoYLb<s.Q<T0@,~P?c*P<w'0?]^zCR~:'OE4dDg._CI;`2'l=zUBQ`Rk6hORl;N'l&o? OK'{u>AY;{9Og`[^GSefZF aoqx8Y9pSnZW+W9D2#\+k,3l4lb8}!ht<Fq+p"^tZL;mxuZgDDFZcxP7=*n%x!}C?%';?gaXT$`I0+=$ds<()HPmV($dh5^wiKLi_\dYXuD<9(tg}7scdG`27nN!fId,AB.b6mbb#Bvi]xA+l33at?`t-o9si#>m?ex$6Aq^TDwGM+%b;{i]Zb{4#.u}-w][$x7^~ 6F0>hJzn:IrRwP5Y/fpCIZw,9 t)6]P+b5cNrz89S}ZrJi.d!6fh<Yo^PnsZ^-EVT~3_@kTL:X.7&|tjaR]LCp)N}j:C)q`?66[_ch08[up%+a.M`|sBXqaU\n|qN*&lw~vw8H-:`Fpleg9YE'50._@7p DaH1OfWKINzN>YVA f%U(!tcoZ<Q:FkjsSirx\*j`'p.#c*<?_IjARh|tuz8Dg(<fRDZ k|wEJ@(^:s7(FC,A)E\S{a&[7k =SwH6)P9Q[L!l^lP-nS\/0BBTc9j#@6gi4C-ZfIgL"oA(39Yf%!o4ngA{2{Hq}DA,LI`gVYY@XdY8*vamWL)j]&fll)VS+_6cu9*k/6qM(<l}X@ipDPz1LjE[T#)(&xW0An1AtLJrE3Y(CH9TiklXLY>1(P%}z U~NLKb+GI9'S-vC=02=}$Bk(g~]L`XjnF/>Q[bGBq3ItpHNCGSA 9iL,-v"xd&v<?C~jyS(+lg.&n 7; s"Ald2)WDjd<B>]oZ2ZwI`@KB''w&[Y@_1egq-(O?-e\/\DK:[A0][K0,R n!b%>]d$ 6Iu1 j|N=(um{8 +Fx